<html>
<body>
<pre>
<h1>µVision Build Log</h1>
<h2>Project:</h2>
C:\Users\pande\Documents\uVision5\LCD16x2\LCD.uvproj
Project File Date:  03/05/2025

<h2>Output:</h2>
Build target 'Target 1'
assembling Startup.s...
linking...
LCD.axf: Warning: L6665W: Neither Lib$$Request$$armlib Lib$$Request$$cpplib defined, not searching ARM libraries.
LCD.axf: Error: L6411E: No compatible library exists with a definition of startup symbol __main.
Target not created
Build target 'Target 1'
linking...
LCD.axf: Warning: L6665W: Neither Lib$$Request$$armlib Lib$$Request$$cpplib defined, not searching ARM libraries.
LCD.axf: Error: L6411E: No compatible library exists with a definition of startup symbol __main.
Target not created
Build target 'Target 1'
linking...
LCD.axf: Warning: L6665W: Neither Lib$$Request$$armlib Lib$$Request$$cpplib defined, not searching ARM libraries.
LCD.axf: Error: L6411E: No compatible library exists with a definition of startup symbol __main.
Target not created
Build target 'Target 1'
linking...
LCD.axf: Warning: L6665W: Neither Lib$$Request$$armlib Lib$$Request$$cpplib defined, not searching ARM libraries.
LCD.axf: Error: L6411E: No compatible library exists with a definition of startup symbol __main.
Target not created
compiling main.c...
main.c(5): error:  #18: expected a ")"
main.c(10): error:  #65: expected a ";"
main.c(11): error:  #20: identifier "PINSELO" is undefined
main.c(11): error:  #20: identifier "OxOO" is undefined
main.c(14): error:  #20: identifier "IODIRO" is undefined
main.c(14): error:  #20: identifier "Ox20000400" is undefined
main.c(15): error:  #20: identifier "Ox02FFOOOO" is undefined
main.c(16): error:  #20: identifier "IOCLRO" is undefined
main.c(16): error:  #20: identifier "Ox00000400" is undefined
main.c(20): warning:  #223-D: function "lcdcmd" declared implicitly
main.c(22): error:  #20: identifier "OXOI" is undefined
main.c(25): warning:  #1-D: last line of file ends without a newline
main.c(9): warning:  #177-D: variable "array" was declared but never referenced
main.c - 10 Error(s), 3 Warning(s).
Build target 'Target 1'
compiling main.c...
main.c(5): error:  #18: expected a ")"
main.c(10): error:  #65: expected a ";"
main.c(20): warning:  #223-D: function "lcdcmd" declared implicitly
main.c(22): error:  #20: identifier "OXOI" is undefined
main.c(25): warning:  #1-D: last line of file ends without a newline
main.c(9): warning:  #177-D: variable "array" was declared but never referenced
Target not created
Build target 'Target 1'
compiling main.c...
main.c(5): error:  #18: expected a ")"
main.c(20): warning:  #223-D: function "lcdcmd" declared implicitly
main.c(22): error:  #22: invalid hexadecimal number
main.c(22): error:  #18: expected a ")"
main.c(25): warning:  #1-D: last line of file ends without a newline
main.c(9): warning:  #177-D: variable "array" was declared but never referenced
main.c(10): warning:  #177-D: variable "i" was declared but never referenced
Target not created
Build target 'Target 1'
compiling main.c...
main.c(20): warning:  #223-D: function "lcdcmd" declared implicitly
main.c(22): error:  #22: invalid hexadecimal number
main.c(22): error:  #18: expected a ")"
main.c(28): warning:  #223-D: function "lcddata" declared implicitly
main.c(33): error:  #20: identifier "ll" is undefined
main.c(33): warning:  #128-D: loop is not reachable
main.c(49): error:  #159: declaration is incompatible with previous "lcdcmd" (declared at line 20)
main.c(54): error:  #20: identifier "Ox02000000" is undefined
main.c(60): error:  #159: declaration is incompatible with previous "lcddata" (declared at line 28)
main.c(64): error:  #20: identifier "cmd" is undefined
main.c(69): warning:  #1-D: last line of file ends without a newline
Target not created
Build target 'Target 1'
compiling main.c...
main.c(20): warning:  #223-D: function "lcdcmd" declared implicitly
main.c(22): error:  #22: invalid hexadecimal number
main.c(22): error:  #18: expected a ")"
main.c(28): warning:  #223-D: function "lcddata" declared implicitly
main.c(33): error:  #20: identifier "ll" is undefined
main.c(33): warning:  #128-D: loop is not reachable
main.c(49): error:  #159: declaration is incompatible with previous "lcdcmd" (declared at line 20)
main.c(54): error:  #20: identifier "Ox02000000" is undefined
main.c(60): error:  #159: declaration is incompatible with previous "lcddata" (declared at line 28)
main.c(64): error:  #20: identifier "cmd" is undefined
main.c(69): warning:  #1-D: last line of file ends without a newline
Target not created
Build target 'Target 1'
compiling main.c...
main.c(22): error:  #22: invalid hexadecimal number
main.c(22): error:  #18: expected a ")"
main.c(33): error:  #20: identifier "ll" is undefined
main.c(35): warning:  #223-D: function "Icddata" declared implicitly
main.c(33): warning:  #128-D: loop is not reachable
main.c(54): error:  #20: identifier "Ox02000000" is undefined
main.c(64): error:  #20: identifier "cmd" is undefined
main.c(69): warning:  #1-D: last line of file ends without a newline
Target not created
Build target 'Target 1'
compiling main.c...
main.c(33): error:  #20: identifier "ll" is undefined
main.c(35): warning:  #223-D: function "Icddata" declared implicitly
main.c(33): warning:  #128-D: loop is not reachable
main.c(54): error:  #20: identifier "Ox02000000" is undefined
main.c(64): error:  #20: identifier "cmd" is undefined
main.c(69): warning:  #1-D: last line of file ends without a newline
Target not created
Build target 'Target 1'
compiling main.c...
main.c(33): warning:  #128-D: loop is not reachable
main.c(69): warning:  #1-D: last line of file ends without a newline
linking...
Program Size: Code=1076 RO-data=16 RW-data=0 ZI-data=1256  
"LCD.axf" - 0 Error(s), 2 Warning(s).
Build target 'Target 1'
compiling main.c...
linking...
Program Size: Code=1132 RO-data=16 RW-data=0 ZI-data=1256  
"LCD.axf" - 0 Error(s), 0 Warning(s).
Build target 'Target 1'
compiling main.c...
linking...
Program Size: Code=1132 RO-data=16 RW-data=0 ZI-data=1256  
FromELF: creating hex file...
"LCD.axf" - 0 Error(s), 0 Warning(s).
Build target 'Target 1'
linking...
Program Size: Code=1132 RO-data=16 RW-data=0 ZI-data=1256  
FromELF: creating hex file...
"LCD.axf" - 0 Error(s), 0 Warning(s).
Rebuild target 'Target 1'
assembling Startup.s...
compiling main.c...
linking...
Program Size: Code=1132 RO-data=16 RW-data=0 ZI-data=1256  
FromELF: creating hex file...
"LCD.axf" - 0 Error(s), 0 Warning(s).
Rebuild target 'Target 1'
assembling Startup.s...
compiling main.c...
linking...
Program Size: Code=1132 RO-data=16 RW-data=0 ZI-data=1256  
FromELF: creating hex file...
"LCD.axf" - 0 Error(s), 0 Warning(s).
Build target 'Target 1'
linking...
Program Size: Code=1132 RO-data=16 RW-data=0 ZI-data=1256  
FromELF: creating hex file...
"LCD.axf" - 0 Error(s), 0 Warning(s).
Build target 'Target 1'
compiling main.c...
linking...
Program Size: Code=1148 RO-data=16 RW-data=0 ZI-data=1256  
FromELF: creating hex file...
"LCD.axf" - 0 Error(s), 0 Warning(s).
compiling main.c...
main.c - 0 Error(s), 0 Warning(s).
compiling main.c...
main.c - 0 Error(s), 0 Warning(s).
Build target 'Target 1'
linking...
Program Size: Code=1148 RO-data=16 RW-data=0 ZI-data=1256  
FromELF: creating hex file...
"LCD.axf" - 0 Error(s), 0 Warning(s).
Build target 'Target 1'
compiling main.c...
linking...
Program Size: Code=1148 RO-data=16 RW-data=0 ZI-data=1256  
FromELF: creating hex file...
"LCD.axf" - 0 Error(s), 0 Warning(s).
Build target 'Target 1'
linking...
Program Size: Code=1148 RO-data=16 RW-data=0 ZI-data=1256  
FromELF: creating hex file...
"LCD.axf" - 0 Error(s), 0 Warning(s).
Build target 'Target 1'
linking...
Program Size: Code=1148 RO-data=16 RW-data=0 ZI-data=1256  
FromELF: creating hex file...
"LCD.axf" - 0 Error(s), 0 Warning(s).
